// Jest Snapshot v1, https://goo.gl/fbAQLP

exports[`GroupAdmin Snapshot Tests renders correctly 1`] = `null`;
