// Jest Snapshot v1, https://goo.gl/fbAQLP

exports[`Teams Snapshot Tests renders correctly 1`] = `null`;
