// Jest Snapshot v1, https://goo.gl/fbAQLP

exports[`EditLog Snapshot Tests renders correctly 1`] = `null`;
