// Jest Snapshot v1, https://goo.gl/fbAQLP

exports[`EditGroup Snapshot Tests renders correctly 1`] = `
<div
  className="editGroup-0-1-1"
>
  <h3
    className="title-0-1-2"
  >
    Group Details
  </h3>
  <div
    className="form-0-1-3"
  >
    <div>
      <p
        className="inputTitle-0-1-4"
      >
        Description
      </p>
      <textarea
        className="textArea-0-1-13 textArea-0-1-7"
        disabled={false}
        maxLength={1000}
        onChange={[Function]}
        onKeyUp={[Function]}
        placeholder="..."
        value=""
      />
    </div>
    <div>
      <p
        className="inputTitle-0-1-4"
      >
        Week Start
      </p>
      <div
        className="radioGroup-0-1-5"
      >
        <div
          className="radio-0-1-14 radio-0-1-6"
        >
          <label>
            <div
              className="inputWrapper-0-1-15"
            >
              <input
                className="input-0-1-16"
                defaultChecked={true}
                id="sunday"
                name="weekStart"
                onChange={[Function]}
                type="radio"
                value="sunday"
              />
              <div
                className="customRadio-0-1-17"
              />
            </div>
            <div
              className="customLabel-0-1-18"
            >
              Sunday
            </div>
          </label>
        </div>
        <div
          className="radio-0-1-14 radio-0-1-6"
        >
          <label>
            <div
              className="inputWrapper-0-1-15"
            >
              <input
                className="input-0-1-16"
                defaultChecked={false}
                id="monday"
                name="weekStart"
                onChange={[Function]}
                type="radio"
                value="monday"
              />
              <div
                className="customRadio-0-1-17"
              />
            </div>
            <div
              className="customLabel-0-1-18"
            >
              Monday
            </div>
          </label>
        </div>
      </div>
    </div>
    <div
      className="actions-0-1-8"
    >
      <div
        className="ajBaseButton-2-2-4 ajBaseButtonEnabled-2-2-5 aj-contained-button ajContainedButton-2-2-1 ajContainedButtonEnabled-2-2-2 submitButton-0-1-9"
        onClick={[Function]}
      >
        <button
          disabled={false}
          type="button"
        >
          <p>
            Save Details
          </p>
        </button>
      </div>
      <div
        className="ajBaseButton-2-2-4 ajBaseButtonEnabled-2-2-5 aj-text-button ajTextButton-2-2-7 ajTextButtonEnabled-2-2-8 cancelButton-0-1-10"
        onClick={[Function]}
      >
        <button
          disabled={false}
          type="button"
        >
          Cancel
        </button>
      </div>
    </div>
  </div>
  <h3
    className="title-0-1-2"
  >
    Profile Picture
  </h3>
  <div
    className="form-0-1-3"
  >
    <div
      className="pictureContainer-0-1-19"
    >
      <figure
        className="picture-0-1-20"
      >
        <img
          alt=""
          src="/uasset/group/1/picture.png"
        />
      </figure>
      <div
        className="uploadFile-0-1-27 uploadFileBoxEmpty-0-1-29"
        onClick={[Function]}
        onDragEnter={[Function]}
        onDragLeave={[Function]}
        onDragOver={[Function]}
        onDrop={[Function]}
      >
        <input
          accept="image/*"
          className="hiddenInput-0-1-30"
          onChange={[Function]}
          type="file"
        />
        <p
          className="uploadText-0-1-31 uploadTextEmpty-0-1-33"
        >
          Click here or drag and drop a file.
        </p>
      </div>
    </div>
    <div
      className="note-0-1-26"
    >
      <p>
        NOTE: Crop your image into a square for the best results.
      </p>
    </div>
    <div
      className="actions-0-1-21"
    >
      <div
        className="ajBaseButton-2-2-4 ajBaseButtonDisabled-2-2-6 aj-contained-button ajContainedButton-2-2-1 ajContainedButtonDisabled-2-2-3 submitButton-0-1-22 disabledSubmitButton-0-1-23"
        onClick={null}
      >
        <button
          disabled={true}
          type="button"
        >
          <p>
            Save Picture
          </p>
        </button>
      </div>
      <div
        className="ajBaseButton-2-2-4 ajBaseButtonEnabled-2-2-5 aj-text-button ajTextButton-2-2-7 ajTextButtonEnabled-2-2-8 cancelButton-0-1-25"
        onClick={[Function]}
      >
        <button
          disabled={false}
          type="button"
        >
          Cancel
        </button>
      </div>
    </div>
  </div>
</div>
`;
