// Jest Snapshot v1, https://goo.gl/fbAQLP

exports[`ManageUsers Snapshot Tests renders correctly 1`] = `
<div
  className="manageUsers-0-1-1"
>
  <h3
    className="title-0-1-2"
  >
    Manage Users
  </h3>
  <div
    className="container-0-1-3"
  />
</div>
`;
