// Jest Snapshot v1, https://goo.gl/fbAQLP

exports[`UploadGroupPicture Snapshot Tests renders correctly 1`] = `
Array [
  <div
    className="pictureContainer-0-1-1"
  >
    <figure
      className="picture-0-1-2"
    >
      <img
        alt=""
        src="picture.png"
      />
    </figure>
    <div
      className="uploadFile-0-1-9 uploadFileBoxEmpty-0-1-11"
      data-cypress="uploadFile"
      onClick={[Function]}
      onDragEnter={[Function]}
      onDragLeave={[Function]}
      onDragOver={[Function]}
      onDrop={[Function]}
    >
      <input
        accept="image/*"
        className="hiddenInput-0-1-12"
        onChange={[Function]}
        type="file"
      />
      <p
        className="uploadText-0-1-13 uploadTextEmpty-0-1-15"
      >
        Click here or drag and drop a file.
      </p>
    </div>
  </div>,
  <div
    className="note-0-1-8"
  >
    <p>
      NOTE: For best results, crop your image into a square.
    </p>
  </div>,
  <div
    className="actions-0-1-3"
  >
    <div
      className="ajBaseButton-2-2-4 ajBaseButtonDisabled-2-2-6 aj-contained-button ajContainedButton-2-2-1 ajContainedButtonDisabled-2-2-3 submitButton-0-1-4 disabledSubmitButton-0-1-5"
      onClick={null}
    >
      <button
        disabled={true}
        type="button"
      >
        <p>
          Save Picture
        </p>
      </button>
    </div>
    <div
      className="ajBaseButton-2-2-4 ajBaseButtonEnabled-2-2-5 aj-text-button ajTextButton-2-2-7 ajTextButtonEnabled-2-2-8 cancelButton-0-1-7"
      onClick={[Function]}
    >
      <button
        disabled={false}
        type="button"
      >
        Cancel
      </button>
    </div>
  </div>,
]
`;
