// Jest Snapshot v1, https://goo.gl/fbAQLP

exports[`Profile Snapshot Tests renders correctly 1`] = `null`;
