// Jest Snapshot v1, https://goo.gl/fbAQLP

exports[`Leaderboard Snapshot Tests renders correctly 1`] = `
<div
  className="leaderboard-0-1-1"
>
  <div
    className="filters-0-1-2"
  >
    <p
      className="filterTitle-0-1-3"
    >
      Leaderboard Filters:
    </p>
    <div
      className="buttonGroup-2-2-1 filterButtons-0-1-8"
    >
      <div
        className="ajBaseButton-2-2-5 ajBaseButtonEnabled-2-2-6 aj-contained-button ajContainedButton-2-2-2 ajContainedButtonEnabled-2-2-3"
        onClick={[Function]}
      >
        <button
          disabled={false}
          type="button"
        >
          Run
        </button>
      </div>
      <div
        className="ajBaseButton-2-2-5 ajBaseButtonEnabled-2-2-6 aj-outlined-button ajOutlinedButton-2-2-8 ajOutlinedButtonEnabled-2-2-9"
        onClick={[Function]}
      >
        <button
          disabled={false}
          type="button"
        >
          Bike
        </button>
      </div>
      <div
        className="ajBaseButton-2-2-5 ajBaseButtonEnabled-2-2-6 aj-outlined-button ajOutlinedButton-2-2-8 ajOutlinedButtonEnabled-2-2-9"
        onClick={[Function]}
      >
        <button
          disabled={false}
          type="button"
        >
          Swim
        </button>
      </div>
      <div
        className="ajBaseButton-2-2-5 ajBaseButtonEnabled-2-2-6 aj-outlined-button ajOutlinedButton-2-2-8 ajOutlinedButtonEnabled-2-2-9"
        onClick={[Function]}
      >
        <button
          disabled={false}
          type="button"
        >
          Other
        </button>
      </div>
    </div>
  </div>
  <div
    className="interval-0-1-4"
  >
    <div
      className="aj-select ajSelect-2-2-11 aj-select-closed select-0-1-5"
    >
      <div
        className="ajSelectLabel-2-2-13"
        onClick={[Function]}
      >
        <div />
        <div
          className="ajSelectArrow-2-2-12"
        >
          C
        </div>
      </div>
    </div>
  </div>
</div>
`;
