// Jest Snapshot v1, https://goo.gl/fbAQLP

exports[`renders correctly 1`] = `
<div
  className="sxctf-home-testimonials"
  id="testimonials"
>
  <div
    className="sxctf-testimonial"
  >
    <p>
      "
      Yeah I guess this website is pretty cool
      "
    </p>
    <div>
      <figure>
        <img
          alt=""
          loading="lazy"
          src="https://asset.saintsxctf.com/thomas-c.jpg"
        />
      </figure>
    </div>
    <p>
      Thomas Caulfield
    </p>
    <p>
      2x Cross Country All-American, 1x Outdoor Track All-American
    </p>
  </div>
  <div
    className="sxctf-testimonial"
  >
    <p>
      "
      I love it!! I wish there was a place for me to log kale consumption though..
      "
    </p>
    <div>
      <figure>
        <img
          alt=""
          loading="lazy"
          src="https://asset.saintsxctf.com/lisa-g.jpg"
        />
      </figure>
    </div>
    <p>
      Lisa Grohn
    </p>
    <p>
      4x All-American
    </p>
  </div>
  <div
    className="sxctf-testimonial"
  >
    <p>
      "
      What Lisa said.
      "
    </p>
    <div>
      <figure>
        <img
          alt=""
          loading="lazy"
          src="https://asset.saintsxctf.com/evan-g.jpg"
        />
      </figure>
    </div>
    <p>
      Evan Garvey
    </p>
    <p>
      Kombucha Lover
    </p>
  </div>
  <div
    className="sxctf-testimonial"
  >
    <p>
      "
      I refuse to use this website as it was created in or around NYC.
      "
    </p>
    <div>
      <figure>
        <img
          alt=""
          loading="lazy"
          src="https://asset.saintsxctf.com/joe-s.jpg"
        />
      </figure>
    </div>
    <p>
      Joe Smith
    </p>
    <p>
      10th Place at 2015 Cross Country Nationals and #1 Red Sox Fan
    </p>
  </div>
  <div
    className="sxctf-testimonial"
  >
    <p>
      "
      I don't surf the web too often but I sure do love planting carrots.
      "
    </p>
    <div>
      <figure>
        <img
          alt=""
          loading="lazy"
          src="https://asset.saintsxctf.com/ben-f.jpg"
        />
      </figure>
    </div>
    <p>
      Ben Fishbein
    </p>
    <p>
      Farmer
    </p>
  </div>
  <div
    className="sxctf-testimonial"
  >
    <p>
      "
      Yeeeeeeeeehawwwwwwww
      "
    </p>
    <div>
      <figure>
        <img
          alt=""
          loading="lazy"
          src="https://asset.saintsxctf.com/trevor-b.jpg"
        />
      </figure>
    </div>
    <p>
      Trevor Bibb
    </p>
    <p>
      Athlete
    </p>
  </div>
</div>
`;
