// Jest Snapshot v1, https://goo.gl/fbAQLP

exports[`Admin Snapshot Tests renders correctly 1`] = `null`;
