// Jest Snapshot v1, https://goo.gl/fbAQLP

exports[`Register Snapshot Tests renders correctly 1`] = `
<div
  className="sxctf-register"
>
  <div
    className="sxctf-nav-bar sxctf-nav-bar-dropdown-hidden dry-0-1-10 lightTheme-0-1-1 lightDropdownHeaderTheme-0-1-6"
  >
    <figure
      className="sxctf-logo"
    >
      <img
        alt=""
        onClick={[Function]}
        src="test-file-stub"
      />
    </figure>
    <h1
      onClick={[Function]}
    >
      SaintsXCTF
    </h1>
    <div
      className="sxctf-nav-buttons"
    >
      <div
        className="ajBaseButton-2-2-4 ajBaseButtonEnabled-2-2-5 aj-text-button ajTextButton-2-2-1 ajTextButtonEnabled-2-2-2 homeButton"
        onClick={[Function]}
      >
        <button
          disabled={false}
          type="button"
        >
          Home
        </button>
      </div>
      <div
        className="ajBaseButton-2-2-4 ajBaseButtonEnabled-2-2-5 aj-contained-button ajContainedButton-2-2-7 ajContainedButtonEnabled-2-2-8 signInButton"
        onClick={[Function]}
      >
        <button
          disabled={false}
          type="button"
        >
          Sign In
        </button>
      </div>
    </div>
    <div
      className="sxctf-nav-hamburger"
    >
      <div
        className="aj-mobile-hamburger ajMobileHamburger-2-2-10"
        onClick={[Function]}
      >
        <button
          type="button"
        >
          <span
            className="aj-mobile-hamburger-inactive ajMobileHamburgerInactive-2-2-12"
          />
        </button>
      </div>
    </div>
  </div>
  <div
    className="sxctf-nav-dropdown sxctf-nav-dropdown-hidden dryDropdown-0-1-12 lightDropdownTheme-0-1-4"
  >
    <div
      className="ajNavList-2-2-13 aj-nav-list navList-0-1-13"
    >
      <div
        className="ajNavListItem-2-2-14 aj-nav-list-item"
      >
        <div
          onClick={[Function]}
        >
          <div>
            Home
          </div>
        </div>
      </div>
      <div
        className="ajNavListItem-2-2-14 aj-nav-list-item"
      >
        <div
          onClick={[Function]}
        >
          <div>
            Sign In
          </div>
        </div>
      </div>
      <div
        className="ajNavListItem-2-2-14 aj-nav-list-item ajNavListLastItem-2-2-15 aj-nav-list-last-item"
      >
        <div
          onClick={[Function]}
        >
          <div>
            <img
              alt=""
              className="mobile-dropdown-logo"
              src="test-file-stub"
            />
          </div>
        </div>
      </div>
    </div>
  </div>
  <div
    className="sxctf-register-body"
  >
    <div
      className="sxctf-register-personal-info"
    >
      <h2>
        Register
      </h2>
      <div
        className="form-inputs"
      >
        <div
          className="sxctf-image-input-set column"
        >
          <form>
            <div
              className="sxctf-image-input"
              data-cypress="image-input-firstName"
            >
              <div
                className="no-icon"
              >
                 
              </div>
              <input
                autoComplete="firstName"
                maxLength={30}
                name="firstName"
                onChange={[Function]}
                placeholder="First Name"
                type="text"
              />
              <div>
                <div
                  className="status none"
                >
                  <p />
                </div>
              </div>
            </div>
            <div
              className="sxctf-image-input"
              data-cypress="image-input-lastName"
            >
              <div
                className="no-icon"
              >
                 
              </div>
              <input
                autoComplete=""
                maxLength={30}
                name="lastName"
                onChange={[Function]}
                placeholder="Last Name"
                type="text"
              />
              <div>
                <div
                  className="status none"
                >
                  <p />
                </div>
              </div>
            </div>
          </form>
        </div>
        <div
          className="sxctf-image-input"
          data-cypress="image-input-email"
        >
          <img
            alt=""
            src="test-file-stub"
          />
          <input
            autoComplete=""
            maxLength={50}
            name="email"
            onChange={[Function]}
            placeholder="Email"
            type="text"
          />
          <div>
            <div
              className="status none"
            >
              <p />
            </div>
          </div>
        </div>
      </div>
      <div
        className="form-buttons"
      >
        <div
          className="ajBaseButton-2-2-4 ajBaseButtonDisabled-2-2-6 aj-contained-button ajContainedButton-2-2-7 ajContainedButtonDisabled-2-2-9"
          onClick={null}
        >
          <button
            disabled={true}
            type="button"
          >
            Continue
          </button>
        </div>
        <div
          className="ajBaseButton-2-2-4 ajBaseButtonEnabled-2-2-5 aj-text-button ajTextButton-2-2-1 ajTextButtonEnabled-2-2-2"
          onClick={[Function]}
        >
          <button
            disabled={false}
            type="button"
          >
            Exit
          </button>
        </div>
      </div>
    </div>
  </div>
</div>
`;
