// Jest Snapshot v1, https://goo.gl/fbAQLP

exports[`SignInBody Snapshot Tests renders correctly 1`] = `
<div
  className="sxctf-sign-in-body"
>
  <div>
    <h2>
      Sign In
    </h2>
    <div>
      <div
        className="sxctf-image-input-set row"
      >
        <form>
          <div
            className="sxctf-image-input"
            data-cypress="image-input-username"
          >
            <img
              alt=""
              src="test-file-stub"
            />
            <input
              autoComplete="username"
              name="username"
              onChange={[Function]}
              placeholder="Username or Email"
              type="text"
            />
            <div>
              <div
                className="status none"
              >
                <p />
              </div>
            </div>
          </div>
          <div
            className="sxctf-image-input"
            data-cypress="image-input-password"
          >
            <img
              alt=""
              src="test-file-stub"
            />
            <input
              autoComplete="current-password"
              name="password"
              onChange={[Function]}
              placeholder="Password"
              type="password"
            />
            <div>
              <div
                className="status none"
              >
                <p />
              </div>
            </div>
          </div>
        </form>
      </div>
    </div>
    <a
      href="/forgotpassword"
      onClick={[Function]}
    >
      Forgot Password?
    </a>
    <div
      className="form-buttons"
    >
      <div
        className="ajBaseButton-2-2-4 ajBaseButtonEnabled-2-2-5 aj-contained-button ajContainedButton-2-2-1 ajContainedButtonEnabled-2-2-2"
        onClick={[Function]}
      >
        <button
          disabled={false}
          type="button"
        >
          Sign In
        </button>
      </div>
      <div
        className="ajBaseButton-2-2-4 ajBaseButtonEnabled-2-2-5 aj-text-button ajTextButton-2-2-7 ajTextButtonEnabled-2-2-8"
        onClick={[Function]}
      >
        <button
          disabled={false}
          type="button"
        >
          Create Account
        </button>
      </div>
    </div>
  </div>
</div>
`;
