// Jest Snapshot v1, https://goo.gl/fbAQLP

exports[`NewLog Snapshot Tests renders correctly 1`] = `null`;
