// Jest Snapshot v1, https://goo.gl/fbAQLP

exports[`Day Snapshot Tests renders correctly 1`] = `
<div
  className="day-0-1-1 currentMonth-0-1-3 feel-0-1-2 feel-d0-0-1-6"
  data-cypress="day"
>
  <div>
    <p
      className="dayOfMonth-0-1-4"
    >
      6
    </p>
    <div
      className="miles-0-1-5"
    >
      <p>
        5.40
      </p>
      <p>
        Miles
      </p>
    </div>
  </div>
</div>
`;
