// Jest Snapshot v1, https://goo.gl/fbAQLP

exports[`EditProfile Snapshot Tests renders correctly 1`] = `
<div
  className="editProfile-0-1-1"
  id="editProfile"
>
  <h3
    className="title-0-1-2"
  >
    Profile Details
  </h3>
  <div
    className="form-0-1-3"
  >
    <div
      className="twoInputs-0-1-7"
    >
      <div
        className="firstNameInput-0-1-11"
      >
        <p
          className="inputTitle-0-1-6"
        >
          First Name*
        </p>
        <div
          className="sxctf-image-input"
          data-cypress="image-input-first"
        >
          <div
            className="no-icon"
          >
             
          </div>
          <input
            autoComplete=""
            maxLength={30}
            name="first"
            onChange={[Function]}
            placeholder=""
            type="text"
            value="Andy"
          />
          <div>
            <div
              className="status none"
            >
              <p />
            </div>
          </div>
        </div>
        <p
          className="inputTip-0-1-22"
          data-cypress="firstNameInputTip"
          hidden={true}
        >
          First name is a required field.
        </p>
      </div>
      <div
        className="lastNameInput-0-1-12"
      >
        <p
          className="inputTitle-0-1-6"
        >
          Last Name*
        </p>
        <div
          className="sxctf-image-input"
          data-cypress="image-input-last"
        >
          <div
            className="no-icon"
          >
             
          </div>
          <input
            autoComplete=""
            maxLength={30}
            name="last"
            onChange={[Function]}
            placeholder=""
            type="text"
            value="Jarombek"
          />
          <div>
            <div
              className="status none"
            >
              <p />
            </div>
          </div>
        </div>
        <p
          className="inputTip-0-1-22"
          data-cypress="lastNameInputTip"
          hidden={true}
        >
          Last name is a required field.
        </p>
      </div>
    </div>
    <div
      className="twoInputs-0-1-7"
    >
      <div
        className="emailInput-0-1-13"
      >
        <p
          className="inputTitle-0-1-6"
        >
          Email*
        </p>
        <div
          className="sxctf-image-input"
          data-cypress="image-input-email"
        >
          <div
            className="no-icon"
          >
             
          </div>
          <input
            autoComplete=""
            maxLength={50}
            name="email"
            onChange={[Function]}
            placeholder=""
            type="email"
            value="andrew@jarombek.com"
          />
          <div>
            <div
              className="status none"
            >
              <p />
            </div>
          </div>
        </div>
        <p
          className="inputTip-0-1-22"
          data-cypress="emailInputTip"
          hidden={true}
        >
          A valid email address is required.
        </p>
      </div>
      <div
        className="classYearInput-0-1-14"
      >
        <p
          className="inputTitle-0-1-6"
        >
          Class Year
        </p>
        <div
          className="sxctf-image-input"
          data-cypress="image-input-classYear"
        >
          <div
            className="no-icon"
          >
             
          </div>
          <input
            autoComplete=""
            maxLength={4}
            name="classYear"
            onChange={[Function]}
            placeholder=""
            type="number"
            value="2017"
          />
          <div>
            <div
              className="status none"
            >
              <p />
            </div>
          </div>
        </div>
      </div>
    </div>
    <div
      className="twoInputs-0-1-7"
    >
      <div
        className="locationInput-0-1-15"
      >
        <p
          className="inputTitle-0-1-6"
        >
          Location
        </p>
        <div
          className="sxctf-image-input"
          data-cypress="image-input-location"
        >
          <div
            className="no-icon"
          >
             
          </div>
          <input
            autoComplete=""
            maxLength={50}
            name="location"
            onChange={[Function]}
            placeholder=""
            type="text"
            value="Riverside, CT"
          />
          <div>
            <div
              className="status none"
            >
              <p />
            </div>
          </div>
        </div>
      </div>
      <div
        className="favoriteEventInput-0-1-16"
      >
        <p
          className="inputTitle-0-1-6"
        >
          Favorite Event
        </p>
        <div
          className="sxctf-image-input"
          data-cypress="image-input-favoriteEvent"
        >
          <div
            className="no-icon"
          >
             
          </div>
          <input
            autoComplete=""
            maxLength={20}
            name="favoriteEvent"
            onChange={[Function]}
            placeholder=""
            type="text"
            value="5000m, 8K"
          />
          <div>
            <div
              className="status none"
            >
              <p />
            </div>
          </div>
        </div>
      </div>
    </div>
    <div>
      <p
        className="inputTitle-0-1-6"
      >
        Description
      </p>
      <textarea
        className="textArea-0-1-23 textArea-0-1-8"
        disabled={false}
        maxLength={255}
        onChange={[Function]}
        onKeyUp={[Function]}
        placeholder="..."
        value="I sometimes like to run."
      />
    </div>
    <div>
      <p
        className="inputTitle-0-1-6"
      >
        Week Start
      </p>
      <div
        className="radioGroup-0-1-9"
      >
        <div
          className="radio-0-1-24 radio-0-1-10"
          data-cypress="radioButton"
        >
          <label>
            <div
              className="inputWrapper-0-1-25"
            >
              <input
                className="input-0-1-26"
                defaultChecked={false}
                id="sunday"
                name="weekStart"
                onChange={[Function]}
                type="radio"
                value="sunday"
              />
              <div
                className="customRadio-0-1-27"
                data-cypress="customRadio"
              />
            </div>
            <div
              className="customLabel-0-1-28"
            >
              Sunday
            </div>
          </label>
        </div>
        <div
          className="radio-0-1-24 radio-0-1-10"
          data-cypress="radioButton"
        >
          <label>
            <div
              className="inputWrapper-0-1-25"
            >
              <input
                className="input-0-1-26"
                defaultChecked={true}
                id="monday"
                name="weekStart"
                onChange={[Function]}
                type="radio"
                value="monday"
              />
              <div
                className="customRadio-0-1-27"
                data-cypress="customRadio"
              />
            </div>
            <div
              className="customLabel-0-1-28"
            >
              Monday
            </div>
          </label>
        </div>
      </div>
    </div>
    <div
      className="actions-0-1-17"
    >
      <div
        className="ajBaseButton-2-2-4 ajBaseButtonDisabled-2-2-6 aj-contained-button ajContainedButton-2-2-1 ajContainedButtonDisabled-2-2-3 submitButton-0-1-18 disabledSubmitButton-0-1-20"
        onClick={null}
      >
        <button
          disabled={true}
          type="button"
        >
          <p>
            Save Details
          </p>
        </button>
      </div>
      <div
        className="ajBaseButton-2-2-4 ajBaseButtonEnabled-2-2-5 aj-text-button ajTextButton-2-2-7 ajTextButtonEnabled-2-2-8 cancelButton-0-1-19"
        onClick={[Function]}
      >
        <button
          disabled={false}
          type="button"
        >
          Cancel
        </button>
      </div>
    </div>
  </div>
  <h3
    className="title-0-1-2"
  >
    Profile Picture
  </h3>
  <div
    className="form-0-1-3"
  >
    <div
      className="pictureContainer-0-1-29"
    >
      <figure
        className="picture-0-1-30"
      >
        <img
          alt=""
          src="/asset/saintsxctf.png"
        />
      </figure>
      <div
        className="uploadFile-0-1-37 uploadFileBoxEmpty-0-1-39"
        data-cypress="uploadFile"
        onClick={[Function]}
        onDragEnter={[Function]}
        onDragLeave={[Function]}
        onDragOver={[Function]}
        onDrop={[Function]}
      >
        <input
          accept="image/*"
          className="hiddenInput-0-1-40"
          onChange={[Function]}
          type="file"
        />
        <p
          className="uploadText-0-1-41 uploadTextEmpty-0-1-43"
        >
          Click here or drag and drop a file.
        </p>
      </div>
    </div>
    <div
      className="note-0-1-36"
    >
      <p>
        NOTE: For best results, crop your image into a square.
      </p>
    </div>
    <div
      className="actions-0-1-31"
    >
      <div
        className="ajBaseButton-2-2-4 ajBaseButtonDisabled-2-2-6 aj-contained-button ajContainedButton-2-2-1 ajContainedButtonDisabled-2-2-3 submitButton-0-1-32 disabledSubmitButton-0-1-33"
        onClick={null}
      >
        <button
          disabled={true}
          type="button"
        >
          <p>
            Save Picture
          </p>
        </button>
      </div>
      <div
        className="ajBaseButton-2-2-4 ajBaseButtonEnabled-2-2-5 aj-text-button ajTextButton-2-2-7 ajTextButtonEnabled-2-2-8 cancelButton-0-1-35"
        onClick={[Function]}
      >
        <button
          disabled={false}
          type="button"
        >
          Cancel
        </button>
      </div>
    </div>
  </div>
  <h3
    className="title-0-1-2"
  >
    Teams and Groups
  </h3>
  <div
    className="form-0-1-3"
  >
    <div
      className="pickTeams-0-1-44"
    >
      <div
        className="search-0-1-45"
      >
        <div
          className="sxctf-image-input"
          data-cypress="image-input-team"
        >
          <div
            className="no-icon"
          >
             
          </div>
          <input
            autoComplete=""
            name="team"
            onChange={[Function]}
            placeholder="Search Teams (eg. SaintsXCTF Alumni)"
            type="text"
          />
          <div>
            <div
              className="status none"
            >
              <p />
            </div>
          </div>
        </div>
        <div
          className="searchedTeams-0-1-47"
        />
      </div>
      <div />
    </div>
    <div
      className="actions-0-1-49"
    >
      <div
        className="ajBaseButton-2-2-4 ajBaseButtonDisabled-2-2-6 aj-contained-button ajContainedButton-2-2-1 ajContainedButtonDisabled-2-2-3 submitButton-0-1-50 disabledSubmitButton-0-1-51"
        onClick={null}
      >
        <button
          disabled={true}
          type="button"
        >
          <p>
            Save Teams & Groups
          </p>
        </button>
      </div>
      <div
        className="ajBaseButton-2-2-4 ajBaseButtonEnabled-2-2-5 aj-text-button ajTextButton-2-2-7 ajTextButtonEnabled-2-2-8 cancelButton-0-1-53"
        onClick={[Function]}
      >
        <button
          disabled={false}
          type="button"
        >
          Cancel
        </button>
      </div>
    </div>
  </div>
</div>
`;
