// Jest Snapshot v1, https://goo.gl/fbAQLP

exports[`Flair Snapshot Tests renders correctly 1`] = `
<div
  className="flair-0-1-1 flairList"
>
  <p
    data-cypress="flair"
  >
    Sample Flair
  </p>
</div>
`;
