// Jest Snapshot v1, https://goo.gl/fbAQLP

exports[`Week Snapshot Tests renders correctly 1`] = `
<div
  className="week-0-1-1"
  data-cypress="week"
>
  <div
    className="day-0-1-2 currentMonth-0-1-4"
    data-cypress="day"
  >
    <div>
      <p
        className="dayOfMonth-0-1-5"
      >
        1
      </p>
    </div>
  </div>
  <div
    className="day-0-1-2 currentMonth-0-1-4 feel-0-1-3 feel-d1-0-1-8"
    data-cypress="day"
  >
    <div>
      <p
        className="dayOfMonth-0-1-5"
      >
        2
      </p>
      <div
        className="miles-0-1-6"
      >
        <p>
          4.50
        </p>
        <p>
          Miles
        </p>
      </div>
    </div>
  </div>
  <div
    className="day-0-1-2 currentMonth-0-1-4 feel-0-1-3 feel-d2-0-1-9"
    data-cypress="day"
  >
    <div>
      <p
        className="dayOfMonth-0-1-5"
      >
        3
      </p>
      <div
        className="miles-0-1-6"
      >
        <p>
          5.45
        </p>
        <p>
          Miles
        </p>
      </div>
    </div>
  </div>
  <div
    className="day-0-1-2 currentMonth-0-1-4 feel-0-1-3 feel-d3-0-1-10"
    data-cypress="day"
  >
    <div>
      <p
        className="dayOfMonth-0-1-5"
      >
        4
      </p>
      <div
        className="miles-0-1-6"
      >
        <p>
          5.45
        </p>
        <p>
          Miles
        </p>
      </div>
    </div>
  </div>
  <div
    className="day-0-1-2 currentMonth-0-1-4 feel-0-1-3 feel-d4-0-1-11"
    data-cypress="day"
  >
    <div>
      <p
        className="dayOfMonth-0-1-5"
      >
        5
      </p>
      <div
        className="miles-0-1-6"
      >
        <p>
          6.30
        </p>
        <p>
          Miles
        </p>
      </div>
    </div>
  </div>
  <div
    className="day-0-1-2 currentMonth-0-1-4 feel-0-1-3 feel-d5-0-1-12"
    data-cypress="day"
  >
    <div>
      <p
        className="dayOfMonth-0-1-5"
      >
        6
      </p>
      <div
        className="miles-0-1-6"
      >
        <p>
          6.01
        </p>
        <p>
          Miles
        </p>
      </div>
    </div>
  </div>
  <div
    className="day-0-1-2 currentMonth-0-1-4"
    data-cypress="day"
  >
    <div>
      <p
        className="dayOfMonth-0-1-5"
      >
        7
      </p>
    </div>
  </div>
  <div
    className="weekTotal-0-1-14"
    data-cypress="weekTotal"
  >
    <div
      className="miles-0-1-15"
    >
      <p>
        27.71
      </p>
      <p>
        Miles
      </p>
    </div>
  </div>
</div>
`;
