// Jest Snapshot v1, https://goo.gl/fbAQLP

exports[`AutoResizeTextArea Snapshot Tests renders correctly 1`] = `
<textarea
  className="textArea-0-1-1"
  disabled={false}
  maxLength={100}
  onChange={[Function]}
  onKeyUp={[Function]}
  placeholder="Snapshot Text Area"
/>
`;
