// Jest Snapshot v1, https://goo.gl/fbAQLP

exports[`renders correctly 1`] = `
<div
  className="comments-0-1-1 comments"
>
  <div
    className="newCommentForm-0-1-2"
  >
    <textarea
      className="newComment-0-1-3 newComment-d0-0-1-15 blurNewComment-0-1-5"
      disabled={false}
      maxLength={1000}
      onChange={[Function]}
      onKeyUp={[Function]}
      placeholder="Comment"
    />
  </div>
  <div
    className="commentList commentList-0-1-9"
  >
    <div
      className="comment comment-0-1-10"
    >
      <div
        className="commentHeader-0-1-11"
      >
        <a
          className="titleLink-0-1-12"
          href="/profile/andy"
          onClick={[Function]}
        >
          Andy
           
          Jarombek
        </a>
        <p
          className="date-0-1-13"
        >
          Aug. 17th, 2020 7:00:00 PM
        </p>
      </div>
      <div
        className="commentBody-0-1-14"
      >
        Test comment.
      </div>
    </div>
  </div>
</div>
`;
