// Jest Snapshot v1, https://goo.gl/fbAQLP

exports[`PaginationBar Snapshot Tests renders correctly 1`] = `
<div
  className="paginationBar-0-1-1"
  id="paginationBar"
>
  <div
    className="page-0-1-2 otherPage-0-1-3"
    onClick={[Function]}
  >
    1
  </div>
  <div
    className="spread-0-1-5"
  >
    ...
  </div>
  <div
    className="page-0-1-2 otherPage-0-1-3"
    onClick={[Function]}
  >
    3
  </div>
  <div
    className="page-0-1-2 otherPage-0-1-3"
    onClick={[Function]}
  >
    4
  </div>
  <div
    className="page-0-1-2 currentPage-0-1-4"
  >
    5
  </div>
  <div
    className="page-0-1-2 otherPage-0-1-3"
    onClick={[Function]}
  >
    6
  </div>
  <div
    className="page-0-1-2 otherPage-0-1-3"
    onClick={[Function]}
  >
    7
  </div>
</div>
`;
