// Jest Snapshot v1, https://goo.gl/fbAQLP

exports[`PaginationBar Snapshot Tests renders correctly 1`] = `
<div
  className="container-0-1-1"
>
  <figure
    className="picture-0-1-2"
  >
    <img
      alt=""
      src="saintsxctf.png"
    />
  </figure>
  <h5
    className="title-0-1-3"
    data-cypress="pictureTitle"
  >
    Andy Jarombek
  </h5>
  <div
    className="subTitle-0-1-4"
    data-cypress="pictureSubTitle"
  >
    @andy
  </div>
</div>
`;
