// Jest Snapshot v1, https://goo.gl/fbAQLP

exports[`Dashboard Snapshot Tests renders correctly 1`] = `null`;
